** Drc report for kewtea.kicad_pcb **
** Created on 2026-05-29T20:24:29 **
** Report includes: Errors, Warnings **

** Found 21 DRC violations **
[isolated_copper]: Isolated copper fill
    Local override; warning
    @(49.1500 mm, 13.4500 mm): Zone [GND] on B.Cu, priority 1
[silk_overlap]: Silkscreen clearance
    Rule: board setup constraints silk; warning
    @(220.9000 mm, 75.6000 mm): Segment of S21 on F.Silkscreen
    @(228.5000 mm, 76.0000 mm): Reference field of S30
[silk_overlap]: Silkscreen clearance
    Rule: board setup constraints silk; warning
    @(228.5000 mm, 59.0000 mm): Reference field of S21
    @(220.9000 mm, 58.6000 mm): Segment of S10 on F.Silkscreen
[silk_overlap]: Silkscreen clearance
    Rule: board setup constraints silk; warning
    @(192.5000 mm, 76.0000 mm): Reference field of S28
    @(185.4000 mm, 75.6000 mm): Segment of S19 on F.Silkscreen
[silk_overlap]: Silkscreen clearance
    Rule: board setup constraints silk; warning
    @(167.4000 mm, 75.6000 mm): Segment of S18 on F.Silkscreen
    @(174.5000 mm, 76.0000 mm): Reference field of S27
[silk_overlap]: Silkscreen clearance
    Rule: board setup constraints silk; warning
    @(175.0000 mm, 59.0000 mm): Reference field of S18
    @(166.9000 mm, 58.6000 mm): Segment of S7 on F.Silkscreen
[silk_overlap]: Silkscreen clearance
    Rule: board setup constraints silk; warning
    @(211.0000 mm, 59.0000 mm): Reference field of S20
    @(202.9000 mm, 58.6000 mm): Segment of S9 on F.Silkscreen
[silk_overlap]: Silkscreen clearance
    Rule: board setup constraints silk; warning
    @(184.9000 mm, 58.6000 mm): Segment of S8 on F.Silkscreen
    @(193.0000 mm, 59.0000 mm): Reference field of S19
[silk_overlap]: Silkscreen clearance
    Rule: board setup constraints silk; warning
    @(120.5000 mm, 76.0000 mm): Reference field of S24
    @(113.4000 mm, 75.6000 mm): Segment of S15 on F.Silkscreen
[silk_overlap]: Silkscreen clearance
    Rule: board setup constraints silk; warning
    @(138.5000 mm, 76.0000 mm): Reference field of S25
    @(131.4000 mm, 75.6000 mm): Segment of S16 on F.Silkscreen
[silk_overlap]: Silkscreen clearance
    Rule: board setup constraints silk; warning
    @(149.4000 mm, 75.6000 mm): Segment of S17 on F.Silkscreen
    @(156.5000 mm, 76.0000 mm): Reference field of S26
[silk_overlap]: Silkscreen clearance
    Rule: board setup constraints silk; warning
    @(157.0000 mm, 59.0000 mm): Reference field of S17
    @(148.9000 mm, 58.6000 mm): Segment of S6 on F.Silkscreen
[silk_overlap]: Silkscreen clearance
    Rule: board setup constraints silk; warning
    @(139.0000 mm, 59.0000 mm): Reference field of S16
    @(130.9000 mm, 58.6000 mm): Segment of S5 on F.Silkscreen
[silk_overlap]: Silkscreen clearance
    Rule: board setup constraints silk; warning
    @(210.5000 mm, 76.0000 mm): Reference field of S29
    @(203.4000 mm, 75.6000 mm): Segment of S20 on F.Silkscreen
[silk_overlap]: Silkscreen clearance
    Rule: board setup constraints silk; warning
    @(112.9000 mm, 58.6000 mm): Segment of S4 on F.Silkscreen
    @(121.0000 mm, 59.0000 mm): Reference field of S15
[silk_overlap]: Silkscreen clearance
    Rule: board setup constraints silk; warning
    @(84.5000 mm, 76.0000 mm): Reference field of S22
    @(76.9000 mm, 75.6000 mm): Segment of S13 on F.Silkscreen
[silk_overlap]: Silkscreen clearance
    Rule: board setup constraints silk; warning
    @(102.5000 mm, 76.0000 mm): Reference field of S23
    @(95.4000 mm, 75.6000 mm): Segment of S14 on F.Silkscreen
[silk_overlap]: Silkscreen clearance
    Rule: board setup constraints silk; warning
    @(84.5000 mm, 59.0000 mm): Reference field of S13
    @(76.9000 mm, 58.6000 mm): Segment of S2 on F.Silkscreen
[silk_overlap]: Silkscreen clearance
    Rule: board setup constraints silk; warning
    @(66.5000 mm, 59.0000 mm): Reference field of S11
    @(58.9000 mm, 58.6000 mm): Segment of S1 on F.Silkscreen
[silk_overlap]: Silkscreen clearance
    Rule: board setup constraints silk; warning
    @(58.9000 mm, 75.6000 mm): Segment of S11 on F.Silkscreen
    @(66.5000 mm, 76.0000 mm): Reference field of S12
[silk_overlap]: Silkscreen clearance
    Rule: board setup constraints silk; warning
    @(94.9000 mm, 58.6000 mm): Segment of S3 on F.Silkscreen
    @(103.0000 mm, 59.0000 mm): Reference field of S14

** Found 1 unconnected pads **
[unconnected_items]: Missing connection between items
    Local override; error
    @(63.9300 mm, 21.3800 mm): PTH pad 21 [VCC] of U1
    @(6.1500 mm, 3.4000 mm): Zone [VCC] on F.Cu, priority 0

** Found 0 Footprint errors **

** Ignored checks **
    - Footprint has no courtyard defined
    - Track endpoint not centered on via
    - Tuning profile track geometries
    - Footprint doesn't match symbol's footprint filters
    - Footprint component type doesn't match footprint pads

** End of Report **
